// Jest Snapshot v1, https://goo.gl/fbAQLP

exports[`Cart component Renders items on page 1`] = `
<div>
  <div
    aria-describedby="modal"
    id="cart"
    role="cart"
  >
    <div>
      <h3>
        Shopping Cart
      </h3>
      <button>
        Close
      </button>
    </div>
    <div>
      <div
        class="cart-item"
      >
        <div
          class="picture"
          id="cart-picture"
          style="background-image: url(url1); background-size: contain; background-repeat: no-repeat;"
        />
        <h4
          class="item-name"
        />
        <h4
          class="price"
        >
          $
          price1
        </h4>
        <div
          class="counter"
        >
          <input
            class="item-counter"
            value="0"
          />
          <div
            class="item-quantity"
          >
            <button
              id="add"
            >
              +
            </button>
            <button
              id="remove"
            >
              -
            </button>
          </div>
        </div>
      </div>
    </div>
    <div>
      <div
        class="cart-item"
      >
        <div
          class="picture"
          id="cart-picture"
          style="background-image: url(url2); background-size: contain; background-repeat: no-repeat;"
        />
        <h4
          class="item-name"
        />
        <h4
          class="price"
        >
          $
          price2
        </h4>
        <div
          class="counter"
        >
          <input
            class="item-counter"
            value="0"
          />
          <div
            class="item-quantity"
          >
            <button
              id="add"
            >
              +
            </button>
            <button
              id="remove"
            >
              -
            </button>
          </div>
        </div>
      </div>
    </div>
    <div>
      <div
        class="cart-item"
      >
        <div
          class="picture"
          id="cart-picture"
          style="background-image: url(url3); background-size: contain; background-repeat: no-repeat;"
        />
        <h4
          class="item-name"
        />
        <h4
          class="price"
        >
          $
          price3
        </h4>
        <div
          class="counter"
        >
          <input
            class="item-counter"
            value="0"
          />
          <div
            class="item-quantity"
          >
            <button
              id="add"
            >
              +
            </button>
            <button
              id="remove"
            >
              -
            </button>
          </div>
        </div>
      </div>
    </div>
    <div
      id="total"
    >
      Total: $
    </div>
  </div>
</div>
`;
